
> port-laken-landing@0.1.0 build
> next build

  Γû▓ Next.js 14.2.35
  - Environments: .env

   Creating an optimized production build ...
node.exe : request to https://fonts.gstatic.com/s/playfairdisplay/v40/nuFiD-vYS
ZviVYUb_rj3ij__anPXDTjYgEM86xRbPQ.woff2 failed, reason: 
At line:1 char:1
+ & "C:\Program Files\nodejs/node.exe" "C:\Program Files\nodejs/node_mo ...
+ ~~~~~~~~~~~~~~~~~~~~~~~~~~~~~~~~~~~~~~~~~~~~~~~~~~~~~~~~~~~~~~~~~~~~~
    + CategoryInfo          : NotSpecified: (request to http...ailed, reason:  
   :String) [], RemoteException
    + FullyQualifiedErrorId : NativeCommandError
 

Retrying 1/3...
request to https://fonts.gstatic.com/s/playfairdisplay/v40/nuFiD-vYSZviVYUb_rj3
ij__anPXDTLYgEM86xRbPQ.woff2 failed, reason: 

Retrying 1/3...
request to https://fonts.gstatic.com/s/playfairdisplay/v40/nuFiD-vYSZviVYUb_rj3
ij__anPXDTPYgEM86xRbPQ.woff2 failed, reason: 

Retrying 1/3...
request to https://fonts.gstatic.com/s/playfairdisplay/v40/nuFiD-vYSZviVYUb_rj3
ij__anPXDTzYgEM86xQ.woff2 failed, reason: 

Retrying 1/3...
request to https://fonts.gstatic.com/s/playfairdisplay/v40/nuFiD-vYSZviVYUb_rj3
ij__anPXDTjYgEM86xRbPQ.woff2 failed, reason: 

Retrying 2/3...
request to https://fonts.gstatic.com/s/playfairdisplay/v40/nuFiD-vYSZviVYUb_rj3
ij__anPXDTLYgEM86xRbPQ.woff2 failed, reason: 

Retrying 2/3...
request to https://fonts.gstatic.com/s/playfairdisplay/v40/nuFiD-vYSZviVYUb_rj3
ij__anPXDTPYgEM86xRbPQ.woff2 failed, reason: 

Retrying 2/3...
request to https://fonts.gstatic.com/s/playfairdisplay/v40/nuFiD-vYSZviVYUb_rj3
ij__anPXDTzYgEM86xQ.woff2 failed, reason: 

Retrying 2/3...
 Γ£ô Compiled successfully
   Linting and checking validity of types ...
 Γ¿» ESLint: Converting circular structure to JSON     --> starting at object 
with constructor 'Object'     |     property 'configs' -> object with 
constructor 'Object'     |     property 'flat' -> object with constructor 
'Object'     |     ...     |     property 'plugins' -> object with constructor 
'Object'     --- property 'react' closes the circle Referenced from: 
C:\Users\cleof\portLakenWeb\.eslintrc.json
Failed to compile.

./app/maps-transport/components/InteractiveMap.tsx:70:16
Type error: Type '() => JSX.Element' is not assignable to type 'ReactNode'.

[0m [90m 68 |[39m           [33m>[39m[0m
[0m [90m 69 |[39m             [33m<[39m[33mPopup[39m[33m>[39m[0m
[0m[31m[1m>[22m[39m[90m 70 |[39m               {() [33m=>[39m ([0m
[0m [90m    |[39m                [31m[1m^[22m[39m[0m
[0m [90m 71 |[39m                 [33m<[39m[33mdiv[39m 
className[33m=[39m[32m"p-2"[39m[33m>[39m[0m
[0m [90m 72 |[39m                   [33m<[39m[33mh3[39m 
className[33m=[39m[32m"font-bold text-gray-900"[39m[33m>[39m{marker[33m.
[39mname}[33m<[39m[33m/[39m[33mh3[39m[33m>[39m[0m
[0m [90m 73 |[39m                   {marker[33m.[39micon [33m&&[39m 
[33m<[39m[33mdiv[39m className[33m=[39m[32m"text-2xl mb-2"[39m[33m>[3
9m{marker[33m.[39micon}[33m<[39m[33m/[39m[33mdiv[39m[33m>[39m}[0m
Next.js build worker exited with code: 1 and signal: null
